# A CRUSH map extended with storage pools with varying numbers of OSDs, 
# all on the same OSD server

# begin crush map
tunable choose_local_tries 0
tunable choose_local_fallback_tries 0
tunable choose_total_tries 50
tunable chooseleaf_descend_once 1
tunable chooseleaf_vary_r 1
tunable straw_calc_version 1

# devices
device 0 osd.0
device 1 osd.1
device 2 osd.2
device 3 osd.3
device 4 osd.4
device 5 osd.5
device 6 osd.6
device 7 osd.7
device 8 osd.8
device 9 osd.9
device 10 osd.10
device 11 osd.11
device 12 osd.12
device 13 osd.13
device 14 osd.14
device 15 osd.15
device 16 osd.16
device 17 osd.17
device 18 osd.18
device 19 osd.19
device 20 osd.20
device 21 osd.21
device 22 osd.22
device 23 osd.23
device 24 osd.24
device 25 osd.25
device 26 osd.26
device 27 osd.27
device 28 osd.28
device 29 osd.29
device 30 osd.30
device 31 osd.31
device 32 osd.32
device 33 osd.33
device 34 osd.34
device 35 osd.35

# types
type 0 osd
type 1 host
type 2 chassis
type 3 rack
type 4 row
type 5 pdu
type 6 pod
type 7 room
type 8 datacenter
type 9 region
type 10 root

# buckets
host osd1 {
	id -2		# do not change unnecessarily
	# weight 65.473
	alg straw
	hash 0	# rjenkins1
	item osd.0 weight 5.456
	item osd.1 weight 5.456
	item osd.2 weight 5.456
	item osd.3 weight 5.456
	item osd.4 weight 5.456
	item osd.5 weight 5.456
	item osd.6 weight 5.456
	item osd.7 weight 5.456
	item osd.8 weight 5.456
	item osd.9 weight 5.456
	item osd.10 weight 5.456
	item osd.11 weight 5.456
}
host osd2 {
	id -3		# do not change unnecessarily
	# weight 65.473
	alg straw
	hash 0	# rjenkins1
	item osd.12 weight 5.456
	item osd.13 weight 5.456
	item osd.14 weight 5.456
	item osd.15 weight 5.456
	item osd.16 weight 5.456
	item osd.17 weight 5.456
	item osd.18 weight 5.456
	item osd.19 weight 5.456
	item osd.20 weight 5.456
	item osd.21 weight 5.456
	item osd.22 weight 5.456
	item osd.23 weight 5.456
}
host osd3 {
	id -4		# do not change unnecessarily
	# weight 65.473
	alg straw
	hash 0	# rjenkins1
	item osd.24 weight 5.456
	item osd.25 weight 5.456
	item osd.26 weight 5.456
	item osd.27 weight 5.456
	item osd.28 weight 5.456
	item osd.29 weight 5.456
	item osd.30 weight 5.456
	item osd.31 weight 5.456
	item osd.32 weight 5.456
	item osd.33 weight 5.456
	item osd.34 weight 5.456
	item osd.35 weight 5.456
}
root default {
	id -1		# do not change unnecessarily
	# weight 196.419
	alg straw
	hash 0	# rjenkins1
	item osd1 weight 65.473
	item osd2 weight 65.473
	item osd3 weight 65.473
}
root root_osd3 {
	id -5
	alg straw
	hash 0
	item osd3 weight 65.473
}
root root_osd3_2 {
	id -6
	alg straw
	hash 0
	item osd.24 weight 5.456
	item osd.31 weight 5.456
}
root root_osd3_4 {
	id -7
	alg straw
	hash 0
	item osd.24 weight 5.456
	item osd.25 weight 5.456
	item osd.31 weight 5.456
	item osd.32 weight 5.456
}
root root_osd3_6 {
	id -8
	alg straw
	hash 0
	item osd.24 weight 5.456
	item osd.25 weight 5.456
	item osd.26 weight 5.456
	item osd.31 weight 5.456
	item osd.32 weight 5.456
	item osd.33 weight 5.456
}
root root_osd3_8 {
	id -9
	alg straw
	hash 0
	item osd.24 weight 5.456
	item osd.25 weight 5.456
	item osd.26 weight 5.456
	item osd.27 weight 5.456
	item osd.31 weight 5.456
	item osd.32 weight 5.456
	item osd.33 weight 5.456
	item osd.34 weight 5.456
}
root root_osd3_10 {
	id -10
	alg straw
	hash 0
	item osd.24 weight 5.456
	item osd.25 weight 5.456
	item osd.26 weight 5.456
	item osd.27 weight 5.456
	item osd.28 weight 5.456
	item osd.31 weight 5.456
	item osd.32 weight 5.456
	item osd.33 weight 5.456
	item osd.34 weight 5.456
	item osd.35 weight 5.456
}
root root_osd3_12 {
	id -11
	alg straw
	hash 0
	item osd.24 weight 5.456
	item osd.25 weight 5.456
	item osd.26 weight 5.456
	item osd.27 weight 5.456
	item osd.28 weight 5.456
	item osd.29 weight 5.456
	item osd.30 weight 5.456
	item osd.31 weight 5.456
	item osd.32 weight 5.456
	item osd.33 weight 5.456
	item osd.34 weight 5.456
	item osd.35 weight 5.456
}


# rules
rule replicated_ruleset {
	ruleset 0
	type replicated
	min_size 1
	max_size 10
	step take default
	step chooseleaf firstn 0 type host
	step emit
}
rule rule_osd3 {
	ruleset 1
	type replicated
	min_size 1
	max_size 10
	step take root_osd3
	step chooseleaf firstn 0 type host
	step emit
}
rule rule_osd3_2 {
	ruleset 2
	type replicated
	min_size 1
	max_size 10
	step take root_osd3_2
	step chooseleaf firstn 0 type osd
	step emit
}
rule rule_osd3_4 {
	ruleset 3
	type replicated
	min_size 1
	max_size 10
	step take root_osd3_4
	step chooseleaf firstn 0 type osd
	step emit
}
rule rule_osd3_6 {
	ruleset 4
	type replicated
	min_size 1
	max_size 10
	step take root_osd3_6
	step chooseleaf firstn 0 type osd
	step emit
}
rule rule_osd3_8 {
	ruleset 5
	type replicated
	min_size 1
	max_size 10
	step take root_osd3_8
	step chooseleaf firstn 0 type osd
	step emit
}
rule rule_osd3_10 {
	ruleset 6
	type replicated
	min_size 1
	max_size 10
	step take root_osd3_10
	step chooseleaf firstn 0 type osd
	step emit
}
rule rule_osd3_12 {
	ruleset 7
	type replicated
	min_size 1
	max_size 10
	step take root_osd3_12
	step chooseleaf firstn 0 type osd
	step emit
}

# end crush map
